// Jest Snapshot v1, https://goo.gl/fbAQLP

exports[`验证手机号码函数相关测试 手机号码的正则表达式应该是11位数字 1`] = `/1\\[3-8\\]\\\\d\\{9,9\\}/`;
